---
source: crates/.rspack_crates/rspack_testing/src/run_fixture.rs
---

